✔ Phase 1.5 build fixes the controlled channel without mutating caller environment (2.91625ms)
✔ controlled build invokes the local Windows CLI and supports fast mode (0.854531ms)
✔ full local build fixes the release channel without mutating caller environment (0.376719ms)
✔ Phase 1 build fixes the compiled channel without mutating caller environment (3.721094ms)
✔ build invokes the local Windows CLI with the fixed channel and propagates failure (2.295156ms)
✔ model-visible tool content must match a successful durable native result (5.60375ms)
✔ canonical hashing accepts field ordering but excludes snapshot and assistant text (0.447344ms)
✔ a completed invocation returning exit failure does not count as a successful process (0.44ms)
✔ successful test evidence requires a matching native invocation of the actual test suite (1.329375ms)
✔ Jev variant labels still require successful native hmCodex evidence (48.995312ms)
✔ a successful agent status and correct sentence without real tool execution cannot pass (1.71375ms)
✔ recovery requires a real failure followed by a successful tool result (0.311875ms)
✔ incorrect answers, changed read-only workspaces and timeouts fail external acceptance (0.268125ms)
✔ an exited client with inherited pipes cannot hold a case beyond its deadline (1554.93625ms)
✔ a timed out live client is terminated and cannot pass acceptance (712.510937ms)
✔ a failed treatment is retained, with missing latency and cost unknown (2.31125ms)
✔ independent batches, changed input or source, and incomplete pairs cannot become paired evidence (0.805ms)
✔ declared off/on conditions must match observed decision-provider usage (0.346094ms)
✔ Responses tool calls and results preserve their identities in the shared live adapter (3.896719ms)
✔ both clients use the same text and developer instruction conversion (0.365156ms)
✔ live model records returned inference IDs for success and HTTP failure without inventing charges (74.127344ms)
✔ live decision recording forwards real answers and never records credentials (78.735313ms)
✔ cost uses separate cached and uncached rates and keeps unknown usage unknown (2.536406ms)
✔ human active time unions overlapping activities, deduplicates events and excludes automation (0.568906ms)
✔ incomplete activities remain unknown; headless zeros cannot hide human events (0.361719ms)
✔ billing imports require full coverage and never turn missing charges into zero (0.596093ms)
✔ later billing derives a report without changing raw measurements or claiming missing charges (3.727969ms)
✔ observed activity stays unknown with a missing endpoint; headless runs cannot gain human time (0.701875ms)
✔ real decision-provider bills are required before language-only charges become total cash cost (0.694844ms)
✔ upstream inference identifiers remain distinct from charge amounts and private response headers (70.624375ms)
✔ missing, oversized and free-text identifiers do not become fabricated correlation keys (0.566094ms)
✔ code-normalize-001 starts with a real failure and validates the fixed code independently (874.847343ms)
✔ code-syntax-001 starts with a real failure and validates the fixed code independently (775.007031ms)
✔ code-feature-001 starts with a real failure and validates the fixed code independently (854.54625ms)
✔ syntax-valid code that passes the visible example can still fail independent acceptance (550.83ms)
✔ the sampler credits only the wall clock between real samples (19.390625ms)
✔ the sampler records a real store count and fails closed without a state path (70.350625ms)
✔ each sample names the physical store file it read (45.484531ms)
✔ phase3 evidence check passes and writes artifact (184.182344ms)
✔ w10 evidence stays NOT_READY without a real install, window and signed reports (17.741407ms)
✔ long run only credits observed wall clock inside the gap tolerance (17.5925ms)
✔ signed release evidence must declare ok:true (18.89875ms)
✔ retention needs a recorded observation start before it can be partial (9.620625ms)
✔ install lifecycle evidence must be present, elevated and complete (1.97125ms)
✔ install lifecycle evidence accepts only fully verified elevated steps (31.901094ms)
✔ install lifecycle evidence rejects fabricated, partial and tampered records (57.497031ms)
✔ the evidence record names the physical store file it read (58.230781ms)
✔ derives one coherent desktop, workspace, and runtime root (4.317656ms)
✔ honors an explicit desktop root before the caller directory (1.905625ms)
✔ a real profile file lists the package copy as a different physical file (16.496094ms)
✔ the same inode identifies a store read through the package local cache (8.525625ms)
✔ the unredacted profile alias is reported only when it is another file (10.526719ms)
✔ paths outside the profile root have no package twins (2.804062ms)
ℹ tests 53
ℹ suites 0
ℹ pass 53
ℹ fail 0
ℹ cancelled 0
ℹ skipped 0
ℹ todo 0
ℹ duration_ms 4178.951562
