{"event":"START","id":"paired","status":"RUNNING","startedAt":"2026-10-07T18:02:17.224Z","comparison":"C:\\Users\\User\\hmCodex-local\\docs\\artifacts\\AGENT_GOAL_CURRENT_PAIRED_2026-10-08.json","log":"C:\\Users\\User\\hmCodex-local\\docs\\artifacts\\GOAL_CURRENT_PAIRED_2026-10-08.log"}
{"event":"RUNNING","id":"paired","at":"2026-10-07T18:02:47.234Z"}
{"event":"RUNNING","id":"paired","at":"2026-10-07T18:03:17.242Z"}
{"event":"RUNNING","id":"paired","at":"2026-10-07T18:03:47.251Z"}
{"event":"RUNNING","id":"paired","at":"2026-10-07T18:04:17.251Z"}
{"event":"RUNNING","id":"paired","at":"2026-10-07T18:04:47.262Z"}
{"event":"RUNNING","id":"paired","at":"2026-10-07T18:05:17.270Z"}
{"event":"RUNNING","id":"paired","at":"2026-10-07T18:05:47.284Z"}
{"event":"RUNNING","id":"paired","at":"2026-10-07T18:06:17.284Z"}
{"event":"RUNNING","id":"paired","at":"2026-10-07T18:06:47.288Z"}
{"event":"RUNNING","id":"paired","at":"2026-10-07T18:07:17.298Z"}
{"event":"RUNNING","id":"paired","at":"2026-10-07T18:07:47.299Z"}
{"event":"RUNNING","id":"paired","at":"2026-10-07T18:08:17.313Z"}
{"event":"RUNNING","id":"paired","at":"2026-10-07T18:08:47.319Z"}
{"event":"RUNNING","id":"paired","at":"2026-10-07T18:09:17.333Z"}
{"event":"RUNNING","id":"paired","at":"2026-10-07T18:09:47.338Z"}
{"event":"RUNNING","id":"paired","at":"2026-10-07T18:10:17.350Z"}
{"event":"RUNNING","id":"paired","at":"2026-10-07T18:10:47.365Z"}
{"event":"RUNNING","id":"paired","at":"2026-10-07T18:11:17.369Z"}
{"event":"RUNNING","id":"paired","at":"2026-10-07T18:11:47.370Z"}
{"event":"RUNNING","id":"paired","at":"2026-10-07T18:12:17.385Z"}
{"event":"RUNNING","id":"paired","at":"2026-10-07T18:12:47.386Z"}
{"event":"RUNNING","id":"paired","at":"2026-10-07T18:13:17.401Z"}
{"event":"RUNNING","id":"paired","at":"2026-10-07T18:13:47.419Z"}
{"event":"RUNNING","id":"paired","at":"2026-10-07T18:14:17.434Z"}
{"event":"RUNNING","id":"paired","at":"2026-10-07T18:14:47.446Z"}
{"event":"RUNNING","id":"paired","at":"2026-10-07T18:15:17.460Z"}
{"event":"RUNNING","id":"paired","at":"2026-10-07T18:15:47.461Z"}
{"event":"RUNNING","id":"paired","at":"2026-10-07T18:16:17.476Z"}
{"event":"RUNNING","id":"paired","at":"2026-10-07T18:16:47.493Z"}
{"event":"RUNNING","id":"paired","at":"2026-10-07T18:17:17.500Z"}
{"event":"RUNNING","id":"paired","at":"2026-10-07T18:17:47.509Z"}
{"event":"RUNNING","id":"paired","at":"2026-10-07T18:18:17.514Z"}
{"event":"RUNNING","id":"paired","at":"2026-10-07T18:18:47.522Z"}
{"event":"RUNNING","id":"paired","at":"2026-10-07T18:19:17.530Z"}
{"event":"RUNNING","id":"paired","at":"2026-10-07T18:19:47.534Z"}
{"event":"RUNNING","id":"paired","at":"2026-10-07T18:20:17.533Z"}
{"event":"RUNNING","id":"paired","at":"2026-10-07T18:20:47.545Z"}
{"event":"RUNNING","id":"paired","at":"2026-10-07T18:21:17.545Z"}
{"event":"RUNNING","id":"paired","at":"2026-10-07T18:21:47.548Z"}
{"event":"RUNNING","id":"paired","at":"2026-10-07T18:22:17.548Z"}
{"event":"RUNNING","id":"paired","at":"2026-10-07T18:22:47.555Z"}
{"event":"RUNNING","id":"paired","at":"2026-10-07T18:23:17.557Z"}
{"event":"RUNNING","id":"paired","at":"2026-10-07T18:23:47.561Z"}
{"event":"RUNNING","id":"paired","at":"2026-10-07T18:24:17.567Z"}
{"event":"RUNNING","id":"paired","at":"2026-10-07T18:24:47.577Z"}
{"event":"RUNNING","id":"paired","at":"2026-10-07T18:25:17.587Z"}
{"event":"RUNNING","id":"paired","at":"2026-10-07T18:25:47.600Z"}
{"event":"RUNNING","id":"paired","at":"2026-10-07T18:26:17.609Z"}
{"event":"RUNNING","id":"paired","at":"2026-10-07T18:26:47.621Z"}
{"event":"RUNNING","id":"paired","at":"2026-10-07T18:27:17.631Z"}
{"event":"RUNNING","id":"paired","at":"2026-10-07T18:27:47.638Z"}
{"event":"RUNNING","id":"paired","at":"2026-10-07T18:28:17.646Z"}
{"event":"RUNNING","id":"paired","at":"2026-10-07T18:28:47.661Z"}
{"event":"RUNNING","id":"paired","at":"2026-10-07T18:29:17.673Z"}
{"event":"RUNNING","id":"paired","at":"2026-10-07T18:29:47.682Z"}
{"event":"RUNNING","id":"paired","at":"2026-10-07T18:30:17.693Z"}
{"event":"RUNNING","id":"paired","at":"2026-10-07T18:30:47.694Z"}
{"event":"RUNNING","id":"paired","at":"2026-10-07T18:31:17.699Z"}
{"event":"RUNNING","id":"paired","at":"2026-10-07T18:31:47.713Z"}
{"event":"RUNNING","id":"paired","at":"2026-10-07T18:32:17.721Z"}
{"event":"RUNNING","id":"paired","at":"2026-10-07T18:32:47.722Z"}
{"event":"RUNNING","id":"paired","at":"2026-10-07T18:33:17.723Z"}
{"event":"RUNNING","id":"paired","at":"2026-10-07T18:33:47.729Z"}
{"event":"RUNNING","id":"paired","at":"2026-10-07T18:34:17.743Z"}
{"event":"RUNNING","id":"paired","at":"2026-10-07T18:34:47.748Z"}
{"event":"RUNNING","id":"paired","at":"2026-10-07T18:35:17.752Z"}
{"event":"RUNNING","id":"paired","at":"2026-10-07T18:35:47.753Z"}
{"event":"RUNNING","id":"paired","at":"2026-10-07T18:36:17.753Z"}
{"event":"RUNNING","id":"paired","at":"2026-10-07T18:36:47.756Z"}
{"event":"RUNNING","id":"paired","at":"2026-10-07T18:37:17.768Z"}
{"event":"RUNNING","id":"paired","at":"2026-10-07T18:37:47.771Z"}
{"event":"RUNNING","id":"paired","at":"2026-10-07T18:38:17.774Z"}
{"event":"RUNNING","id":"paired","at":"2026-10-07T18:38:47.777Z"}
{"event":"RUNNING","id":"paired","at":"2026-10-07T18:39:17.780Z"}
{"event":"RUNNING","id":"paired","at":"2026-10-07T18:39:47.783Z"}
{"event":"RUNNING","id":"paired","at":"2026-10-07T18:40:17.787Z"}
{"event":"RUNNING","id":"paired","at":"2026-10-07T18:40:47.792Z"}
{"event":"RUNNING","id":"paired","at":"2026-10-07T18:41:17.807Z"}
{"event":"RUNNING","id":"paired","at":"2026-10-07T18:41:47.818Z"}
{"event":"RUNNING","id":"paired","at":"2026-10-07T18:42:17.829Z"}
{"event":"RUNNING","id":"paired","at":"2026-10-07T18:42:47.830Z"}
{"event":"RUNNING","id":"paired","at":"2026-10-07T18:43:17.837Z"}
{"event":"RUNNING","id":"paired","at":"2026-10-07T18:43:47.841Z"}
{"event":"RUNNING","id":"paired","at":"2026-10-07T18:44:17.856Z"}
{"event":"RUNNING","id":"paired","at":"2026-10-07T18:44:47.860Z"}
{"event":"RUNNING","id":"paired","at":"2026-10-07T18:45:17.862Z"}
{"event":"RUNNING","id":"paired","at":"2026-10-07T18:45:47.862Z"}
{"event":"RUNNING","id":"paired","at":"2026-10-07T18:46:17.878Z"}
{"event":"RUNNING","id":"paired","at":"2026-10-07T18:46:47.883Z"}
{"event":"RUNNING","id":"paired","at":"2026-10-07T18:47:17.886Z"}
{"event":"RUNNING","id":"paired","at":"2026-10-07T18:47:47.894Z"}
{"event":"RUNNING","id":"paired","at":"2026-10-07T18:48:17.903Z"}
{"event":"RUNNING","id":"paired","at":"2026-10-07T18:48:47.917Z"}
{"event":"RUNNING","id":"paired","at":"2026-10-07T18:49:17.926Z"}
{"event":"RUNNING","id":"paired","at":"2026-10-07T18:49:47.933Z"}
{"event":"RUNNING","id":"paired","at":"2026-10-07T18:50:17.934Z"}
{"event":"RUNNING","id":"paired","at":"2026-10-07T18:50:47.943Z"}
{"event":"END","id":"paired","status":"COMPLETE","startedAt":"2026-10-07T18:02:17.224Z","comparison":"C:\\Users\\User\\hmCodex-local\\docs\\artifacts\\AGENT_GOAL_CURRENT_PAIRED_2026-10-08.json","log":"C:\\Users\\User\\hmCodex-local\\docs\\artifacts\\GOAL_CURRENT_PAIRED_2026-10-08.log","completedAt":"2026-10-07T18:50:53.813Z","exitCode":1,"timedOut":false,"wallMs":2916570,"runtimeSourceSha256":"81a07cf9915c7950ba5c45ada4f5f4c865a5194218d69edad3020a6554fb05f3","matchesVerifiedRuntime":true,"completedRuns":24}
{"event":"START","id":"jev-ablation","status":"RUNNING","startedAt":"2026-10-07T18:50:53.816Z","comparison":"C:\\Users\\User\\hmCodex-local\\docs\\artifacts\\AGENT_GOAL_CURRENT_JEV_ABLATION_2026-10-08.json","log":"C:\\Users\\User\\hmCodex-local\\docs\\artifacts\\GOAL_CURRENT_JEV_ABLATION_2026-10-08.log"}
{"event":"RUNNING","id":"jev-ablation","at":"2026-10-07T18:51:23.821Z"}
{"event":"RUNNING","id":"jev-ablation","at":"2026-10-07T18:51:53.824Z"}
{"event":"RUNNING","id":"jev-ablation","at":"2026-10-07T18:52:23.828Z"}
{"event":"RUNNING","id":"jev-ablation","at":"2026-10-07T18:52:53.839Z"}
{"event":"RUNNING","id":"jev-ablation","at":"2026-10-07T18:53:23.851Z"}
{"event":"RUNNING","id":"jev-ablation","at":"2026-10-07T18:53:53.859Z"}
{"event":"RUNNING","id":"jev-ablation","at":"2026-10-07T18:54:23.872Z"}
{"event":"RUNNING","id":"jev-ablation","at":"2026-10-07T18:54:53.886Z"}
{"event":"RUNNING","id":"jev-ablation","at":"2026-10-07T18:55:23.900Z"}
{"event":"RUNNING","id":"jev-ablation","at":"2026-10-07T18:55:53.908Z"}
{"event":"RUNNING","id":"jev-ablation","at":"2026-10-07T18:56:23.910Z"}
{"event":"RUNNING","id":"jev-ablation","at":"2026-10-07T18:56:53.920Z"}
{"event":"RUNNING","id":"jev-ablation","at":"2026-10-07T18:57:23.924Z"}
{"event":"RUNNING","id":"jev-ablation","at":"2026-10-07T18:57:53.933Z"}
{"event":"RUNNING","id":"jev-ablation","at":"2026-10-07T18:58:23.936Z"}
{"event":"RUNNING","id":"jev-ablation","at":"2026-10-07T18:58:53.966Z"}
{"event":"RUNNING","id":"jev-ablation","at":"2026-10-07T18:59:23.973Z"}
{"event":"RUNNING","id":"jev-ablation","at":"2026-10-07T18:59:53.985Z"}
{"event":"RUNNING","id":"jev-ablation","at":"2026-10-07T19:00:23.998Z"}
{"event":"RUNNING","id":"jev-ablation","at":"2026-10-07T19:00:54.010Z"}
{"event":"RUNNING","id":"jev-ablation","at":"2026-10-07T19:01:24.021Z"}
{"event":"RUNNING","id":"jev-ablation","at":"2026-10-07T19:01:54.030Z"}
{"event":"RUNNING","id":"jev-ablation","at":"2026-10-07T19:02:24.036Z"}
{"event":"RUNNING","id":"jev-ablation","at":"2026-10-07T19:02:54.040Z"}
{"event":"RUNNING","id":"jev-ablation","at":"2026-10-07T19:03:24.052Z"}
{"event":"RUNNING","id":"jev-ablation","at":"2026-10-07T19:03:54.059Z"}
{"event":"RUNNING","id":"jev-ablation","at":"2026-10-07T19:04:24.060Z"}
{"event":"RUNNING","id":"jev-ablation","at":"2026-10-07T19:04:54.070Z"}
{"event":"RUNNING","id":"jev-ablation","at":"2026-10-07T19:05:24.077Z"}
{"event":"RUNNING","id":"jev-ablation","at":"2026-10-07T19:05:54.089Z"}
{"event":"RUNNING","id":"jev-ablation","at":"2026-10-07T19:06:24.104Z"}
{"event":"RUNNING","id":"jev-ablation","at":"2026-10-07T19:06:54.114Z"}
{"event":"RUNNING","id":"jev-ablation","at":"2026-10-07T19:07:24.123Z"}
{"event":"RUNNING","id":"jev-ablation","at":"2026-10-07T19:07:54.136Z"}
{"event":"RUNNING","id":"jev-ablation","at":"2026-10-07T19:08:24.145Z"}
{"event":"RUNNING","id":"jev-ablation","at":"2026-10-07T19:08:54.156Z"}
{"event":"RUNNING","id":"jev-ablation","at":"2026-10-07T19:09:24.170Z"}
{"event":"RUNNING","id":"jev-ablation","at":"2026-10-07T19:09:54.185Z"}
{"event":"RUNNING","id":"jev-ablation","at":"2026-10-07T19:10:24.197Z"}
{"event":"RUNNING","id":"jev-ablation","at":"2026-10-07T19:10:54.205Z"}
{"event":"RUNNING","id":"jev-ablation","at":"2026-10-07T19:11:24.211Z"}
{"event":"RUNNING","id":"jev-ablation","at":"2026-10-07T19:11:54.224Z"}
{"event":"RUNNING","id":"jev-ablation","at":"2026-10-07T19:12:24.234Z"}
{"event":"RUNNING","id":"jev-ablation","at":"2026-10-07T19:12:54.245Z"}
{"event":"RUNNING","id":"jev-ablation","at":"2026-10-07T19:13:24.258Z"}
{"event":"RUNNING","id":"jev-ablation","at":"2026-10-07T19:13:54.260Z"}
{"event":"RUNNING","id":"jev-ablation","at":"2026-10-07T19:14:24.262Z"}
{"event":"RUNNING","id":"jev-ablation","at":"2026-10-07T19:14:54.265Z"}
{"event":"END","id":"jev-ablation","status":"COMPLETE","startedAt":"2026-10-07T18:50:53.816Z","comparison":"C:\\Users\\User\\hmCodex-local\\docs\\artifacts\\AGENT_GOAL_CURRENT_JEV_ABLATION_2026-10-08.json","log":"C:\\Users\\User\\hmCodex-local\\docs\\artifacts\\GOAL_CURRENT_JEV_ABLATION_2026-10-08.log","completedAt":"2026-10-07T19:15:16.960Z","exitCode":1,"timedOut":false,"wallMs":1463135,"runtimeSourceSha256":"81a07cf9915c7950ba5c45ada4f5f4c865a5194218d69edad3020a6554fb05f3","matchesVerifiedRuntime":true,"completedRuns":24}
