✔ Phase 1.5 build fixes the controlled channel without mutating caller environment (8.302813ms)
✔ controlled build invokes the local Windows CLI and supports fast mode (2.290625ms)
✔ full local build fixes the release channel without mutating caller environment (1.047343ms)
✔ Phase 1 build fixes the compiled channel without mutating caller environment (7.725ms)
✔ build invokes the local Windows CLI with the fixed channel and propagates failure (4.9375ms)
✔ model-visible tool content must match a successful durable native result (13.329844ms)
✔ canonical hashing accepts field ordering but excludes snapshot and assistant text (1.146094ms)
✔ a completed invocation returning exit failure does not count as a successful process (1.374531ms)
✔ successful test evidence requires a matching native invocation of the actual test suite (1.766406ms)
✔ Jev variant labels still require successful native hmCodex evidence (118.398282ms)
✔ a successful agent status and correct sentence without real tool execution cannot pass (6.05ms)
✔ recovery requires a real failure followed by a successful tool result (0.701719ms)
✔ incorrect answers, changed read-only workspaces and timeouts fail external acceptance (0.68125ms)
✔ an exited client with inherited pipes cannot hold a case beyond its deadline (1590.33875ms)
✔ a timed out live client is terminated and cannot pass acceptance (915.964375ms)
✔ a failed treatment is retained, with missing latency and cost unknown (5.048125ms)
✔ independent batches, changed input or source, and incomplete pairs cannot become paired evidence (1.585781ms)
✔ declared off/on conditions must match observed decision-provider usage (0.560157ms)
✔ Responses tool calls and results preserve their identities in the shared live adapter (5.468906ms)
✔ both clients use the same text and developer instruction conversion (0.4775ms)
✔ live decision recording forwards real answers and never records credentials (259.968281ms)
✔ cost uses separate cached and uncached rates and keeps unknown usage unknown (10.015ms)
✔ human active time unions overlapping activities, deduplicates events and excludes automation (1.606406ms)
✔ incomplete activities remain unknown; headless zeros cannot hide human events (1.024687ms)
✔ billing imports require full coverage and never turn missing charges into zero (1.671719ms)
✔ later billing derives a report without changing raw measurements or claiming missing charges (5.786094ms)
✔ observed activity stays unknown with a missing endpoint; headless runs cannot gain human time (1.23875ms)
✔ real decision-provider bills are required before language-only charges become total cash cost (1.214531ms)
✔ code-normalize-001 starts with a real failure and validates the fixed code independently (2051.186093ms)
✔ code-syntax-001 starts with a real failure and validates the fixed code independently (1585.121093ms)
✔ code-feature-001 starts with a real failure and validates the fixed code independently (1651.558438ms)
✔ syntax-valid code that passes the visible example can still fail independent acceptance (1221.241407ms)
✔ the sampler credits only the wall clock between real samples (105.318438ms)
✔ the sampler records a real store count and fails closed without a state path (169.60875ms)
✔ each sample names the physical store file it read (115.060938ms)
✔ phase3 evidence check passes and writes artifact (573.474844ms)
✔ w10 evidence stays NOT_READY without a real install, window and signed reports (48.029687ms)
✔ long run only credits observed wall clock inside the gap tolerance (44.459687ms)
✔ signed release evidence must declare ok:true (69.723594ms)
✔ retention needs a recorded observation start before it can be partial (21.22625ms)
✔ install lifecycle evidence must be present, elevated and complete (17.012969ms)
✔ install lifecycle evidence accepts only fully verified elevated steps (112.448438ms)
✔ install lifecycle evidence rejects fabricated, partial and tampered records (114.435625ms)
✔ the evidence record names the physical store file it read (110.114843ms)
✔ derives one coherent desktop, workspace, and runtime root (9.674062ms)
✔ honors an explicit desktop root before the caller directory (5.074687ms)
✔ a real profile file lists the package copy as a different physical file (48.944844ms)
✔ the same inode identifies a store read through the package local cache (28.024063ms)
✔ the unredacted profile alias is reported only when it is another file (18.487031ms)
✔ paths outside the profile root have no package twins (5.509219ms)
ℹ tests 50
ℹ suites 0
ℹ pass 50
ℹ fail 0
ℹ cancelled 0
ℹ skipped 0
ℹ todo 0
ℹ duration_ms 8072.221719
