✔ Phase 1.5 build fixes the controlled channel without mutating caller environment (3.356719ms)
✔ controlled build invokes the local Windows CLI and supports fast mode (1.045156ms)
✔ full local build fixes the release channel without mutating caller environment (0.590938ms)
✔ Phase 1 build fixes the compiled channel without mutating caller environment (3.060782ms)
✔ build invokes the local Windows CLI with the fixed channel and propagates failure (1.941719ms)
✔ model-visible tool content must match a successful durable native result (4.119375ms)
✔ canonical hashing accepts field ordering but excludes snapshot and assistant text (0.40875ms)
✔ a completed invocation returning exit failure does not count as a successful process (0.440312ms)
✔ successful test evidence requires a matching native invocation of the actual test suite (0.922188ms)
✔ a successful agent status and correct sentence without real tool execution cannot pass (1.896563ms)
✔ recovery requires a real failure followed by a successful tool result (0.310156ms)
✔ incorrect answers, changed read-only workspaces and timeouts fail external acceptance (0.271562ms)
✔ an exited client with inherited pipes cannot hold a case beyond its deadline (1562.473906ms)
✔ a timed out live client is terminated and cannot pass acceptance (874.851563ms)
✔ Responses tool calls and results preserve their identities in the shared live adapter (3.889688ms)
✔ both clients use the same text and developer instruction conversion (0.298282ms)
✔ live decision recording forwards real answers and never records credentials (90.133282ms)
✔ cost uses separate cached and uncached rates and keeps unknown usage unknown (2.249843ms)
✔ human active time unions overlapping activities, deduplicates events and excludes automation (0.525156ms)
✔ incomplete activities remain unknown; headless zeros cannot hide human events (0.419688ms)
✔ billing imports require full coverage and never turn missing charges into zero (0.615156ms)
✔ later billing derives a report without changing raw measurements or claiming missing charges (4.295156ms)
✔ observed activity stays unknown with a missing endpoint; headless runs cannot gain human time (0.956093ms)
✔ code-normalize-001 starts with a real failure and validates the fixed code independently (1839.868906ms)
✔ code-syntax-001 starts with a real failure and validates the fixed code independently (1548.209687ms)
✔ code-feature-001 starts with a real failure and validates the fixed code independently (1432.458907ms)
✔ syntax-valid code that passes the visible example can still fail independent acceptance (1072.624218ms)
✔ the sampler credits only the wall clock between real samples (28.906875ms)
✔ the sampler records a real store count and fails closed without a state path (130.944531ms)
✔ each sample names the physical store file it read (52.532344ms)
✔ phase3 evidence check passes and writes artifact (259.870937ms)
✔ w10 evidence stays NOT_READY without a real install, window and signed reports (44.704375ms)
✔ long run only credits observed wall clock inside the gap tolerance (106.990313ms)
✔ signed release evidence must declare ok:true (151.924843ms)
✔ retention needs a recorded observation start before it can be partial (106.163906ms)
✔ install lifecycle evidence must be present, elevated and complete (2.155313ms)
✔ install lifecycle evidence accepts only fully verified elevated steps (276.686094ms)
✔ install lifecycle evidence rejects fabricated, partial and tampered records (68.312968ms)
✔ the evidence record names the physical store file it read (236.594375ms)
✔ derives one coherent desktop, workspace, and runtime root (5.038282ms)
✔ honors an explicit desktop root before the caller directory (1.866875ms)
✔ a real profile file lists the package copy as a different physical file (48.145625ms)
✔ the same inode identifies a store read through the package local cache (18.282031ms)
✔ the unredacted profile alias is reported only when it is another file (9.415469ms)
✔ paths outside the profile root have no package twins (2.558125ms)
ℹ tests 45
ℹ suites 0
ℹ pass 45
ℹ fail 0
ℹ cancelled 0
ℹ skipped 0
ℹ todo 0
ℹ duration_ms 6936.613281
