✔ model-visible tool content must match a successful durable native result (15.102813ms)
✔ canonical hashing accepts field ordering but excludes snapshot and assistant text (1.144219ms)
✔ a completed invocation returning exit failure does not count as a successful process (1.443438ms)
✔ successful test evidence requires a matching native invocation of the actual test suite (5.758594ms)
✔ Jev variant labels still require successful native hmCodex evidence (486.999375ms)
✔ a successful agent status and correct sentence without real tool execution cannot pass (3.305781ms)
✔ recovery requires a real failure followed by a successful tool result (0.586094ms)
✔ incorrect answers, changed read-only workspaces and timeouts fail external acceptance (0.449687ms)
✔ an exited client with inherited pipes cannot hold a case beyond its deadline (3149.165468ms)
✔ a timed out live client is terminated and cannot pass acceptance (1317.152344ms)
✔ a failed treatment is retained, with missing latency and cost unknown (4.821094ms)
✔ independent batches, changed input or source, and incomplete pairs cannot become paired evidence (1.794375ms)
✔ declared off/on conditions must match observed decision-provider usage (0.774844ms)
✔ Responses tool calls and results preserve their identities in the shared live adapter (5.888125ms)
✔ both clients use the same text and developer instruction conversion (0.583906ms)
✔ live model records returned inference IDs for success and HTTP failure without inventing charges (359.329375ms)
✔ live decision recording forwards real answers and never records credentials (465.451094ms)
✔ cost uses separate cached and uncached rates and keeps unknown usage unknown (7.286407ms)
✔ human active time unions overlapping activities, deduplicates events and excludes automation (1.425782ms)
✔ incomplete activities remain unknown; headless zeros cannot hide human events (0.93125ms)
✔ billing imports require full coverage and never turn missing charges into zero (1.8025ms)
✔ later billing derives a report without changing raw measurements or claiming missing charges (8.34ms)
✔ observed activity stays unknown with a missing endpoint; headless runs cannot gain human time (2.234062ms)
✔ real decision-provider bills are required before language-only charges become total cash cost (19.281718ms)
✔ upstream inference identifiers remain distinct from charge amounts and private response headers (240.570468ms)
✔ missing, oversized and free-text identifiers do not become fabricated correlation keys (1.15875ms)
✔ code-normalize-001 starts with a real failure and validates the fixed code independently (4059.685782ms)
✔ code-syntax-001 starts with a real failure and validates the fixed code independently (2095.821406ms)
✔ code-feature-001 starts with a real failure and validates the fixed code independently (1882.776719ms)
✔ syntax-valid code that passes the visible example can still fail independent acceptance (1129.829687ms)
✔ actual simple Node commands are parsed without accepting quoted examples or compound shell scripts (17.328282ms)
✔ source repair needs an actual seeded failure and the immutable fixture test to pass (4133.1175ms)
✔ upgrade preflight rejects missing config, duplicate model and missing credential before inference (44.675625ms)
✔ a setup failure after opening the first gateway closes it and exits without hanging (2552.69625ms)
✔ explicit model IDs reuse the configured provider route and distinct identities (5.262188ms)
✔ configured role aliases resolve their real registered model and provider (0.774375ms)
✔ missing upgrade target, aliasing the same model and unsupported protocol cannot pass an upgrade test (1.7825ms)
ℹ tests 37
ℹ suites 0
ℹ pass 37
ℹ fail 0
ℹ cancelled 0
ℹ skipped 0
ℹ todo 0
ℹ duration_ms 11689.830625
