✔ Phase 1.5 build fixes the controlled channel without mutating caller environment (8.779375ms)
✔ controlled build invokes the local Windows CLI and supports fast mode (1.665625ms)
✔ full local build fixes the release channel without mutating caller environment (0.730937ms)
✔ Phase 1 build fixes the compiled channel without mutating caller environment (17.900313ms)
✔ build invokes the local Windows CLI with the fixed channel and propagates failure (4.713594ms)
✔ model-visible tool content must match a successful durable native result (11.845469ms)
✔ canonical hashing accepts field ordering but excludes snapshot and assistant text (1.231407ms)
✔ a completed invocation returning exit failure does not count as a successful process (12.505937ms)
✔ successful test evidence requires a matching native invocation of the actual test suite (8.253125ms)
✔ a successful agent status and correct sentence without real tool execution cannot pass (3.33375ms)
✔ recovery requires a real failure followed by a successful tool result (0.555781ms)
✔ incorrect answers, changed read-only workspaces and timeouts fail external acceptance (0.46625ms)
✔ an exited client with inherited pipes cannot hold a case beyond its deadline (1965.789063ms)
✔ a timed out live client is terminated and cannot pass acceptance (1559.722031ms)
✔ Responses tool calls and results preserve their identities in the shared live adapter (8.438906ms)
✔ both clients use the same text and developer instruction conversion (0.527968ms)
✔ live decision recording forwards real answers and never records credentials (232.951406ms)
✔ cost uses separate cached and uncached rates and keeps unknown usage unknown (7.298125ms)
✔ human active time unions overlapping activities, deduplicates events and excludes automation (1.784219ms)
✔ incomplete activities remain unknown; headless zeros cannot hide human events (2.1025ms)
✔ billing imports require full coverage and never turn missing charges into zero (2.036563ms)
✔ later billing derives a report without changing raw measurements or claiming missing charges (7.210625ms)
✔ observed activity stays unknown with a missing endpoint; headless runs cannot gain human time (6.002969ms)
✔ real decision-provider bills are required before language-only charges become total cash cost (1.608437ms)
✔ code-normalize-001 starts with a real failure and validates the fixed code independently (3944.444688ms)
✔ code-syntax-001 starts with a real failure and validates the fixed code independently (2732.214531ms)
✔ code-feature-001 starts with a real failure and validates the fixed code independently (2992.072969ms)
✔ syntax-valid code that passes the visible example can still fail independent acceptance (2245.549375ms)
✔ the sampler credits only the wall clock between real samples (161.150468ms)
✔ the sampler records a real store count and fails closed without a state path (869.255937ms)
✔ each sample names the physical store file it read (177.766562ms)
✔ phase3 evidence check passes and writes artifact (1002.268282ms)
✔ w10 evidence stays NOT_READY without a real install, window and signed reports (146.941562ms)
✔ long run only credits observed wall clock inside the gap tolerance (511.47875ms)
✔ signed release evidence must declare ok:true (545.87375ms)
✔ retention needs a recorded observation start before it can be partial (344.129218ms)
✔ install lifecycle evidence must be present, elevated and complete (6.381875ms)
✔ install lifecycle evidence accepts only fully verified elevated steps (454.597968ms)
✔ install lifecycle evidence rejects fabricated, partial and tampered records (891.594688ms)
✔ the evidence record names the physical store file it read (286.995ms)
✔ derives one coherent desktop, workspace, and runtime root (9.031875ms)
✔ honors an explicit desktop root before the caller directory (5.464218ms)
✔ a real profile file lists the package copy as a different physical file (123.613437ms)
✔ the same inode identifies a store read through the package local cache (24.677812ms)
✔ the unredacted profile alias is reported only when it is another file (198.485781ms)
✔ paths outside the profile root have no package twins (40.714375ms)
ℹ tests 46
ℹ suites 0
ℹ pass 46
ℹ fail 0
ℹ cancelled 0
ℹ skipped 0
ℹ todo 0
ℹ duration_ms 13844.576093
