✔ Phase 1.5 build fixes the controlled channel without mutating caller environment (4.785625ms)
✔ controlled build invokes the local Windows CLI and supports fast mode (0.9025ms)
✔ full local build fixes the release channel without mutating caller environment (0.397813ms)
✔ Phase 1 build fixes the compiled channel without mutating caller environment (3.808438ms)
✔ build invokes the local Windows CLI with the fixed channel and propagates failure (2.27375ms)
✔ model-visible tool content must match a successful durable native result (8.215625ms)
✔ canonical hashing accepts field ordering but excludes snapshot and assistant text (0.492656ms)
✔ a completed invocation returning exit failure does not count as a successful process (0.632344ms)
✔ successful test evidence requires a matching native invocation of the actual test suite (1.845ms)
✔ a successful agent status and correct sentence without real tool execution cannot pass (1.904063ms)
✔ recovery requires a real failure followed by a successful tool result (0.327656ms)
✔ incorrect answers, changed read-only workspaces and timeouts fail external acceptance (0.278125ms)
✔ an exited client with inherited pipes cannot hold a case beyond its deadline (1554.6675ms)
✔ a timed out live client is terminated and cannot pass acceptance (711.257812ms)
✔ Responses tool calls and results preserve their identities in the shared live adapter (8.953907ms)
✔ both clients use the same text and developer instruction conversion (0.511875ms)
✔ cost uses separate cached and uncached rates and keeps unknown usage unknown (2.8275ms)
✔ human active time unions overlapping activities, deduplicates events and excludes automation (0.645156ms)
✔ incomplete activities remain unknown; headless zeros cannot hide human events (0.438125ms)
✔ billing imports require full coverage and never turn missing charges into zero (0.572188ms)
✔ later billing derives a report without changing raw measurements or claiming missing charges (4.921406ms)
✔ observed activity stays unknown with a missing endpoint; headless runs cannot gain human time (0.702969ms)
✔ code-normalize-001 starts with a real failure and validates the fixed code independently (962.620469ms)
✔ code-syntax-001 starts with a real failure and validates the fixed code independently (812.204531ms)
✔ code-feature-001 starts with a real failure and validates the fixed code independently (864.647656ms)
✔ syntax-valid code that passes the visible example can still fail independent acceptance (579.146094ms)
✔ the sampler credits only the wall clock between real samples (33.325469ms)
✔ the sampler records a real store count and fails closed without a state path (58.634687ms)
✔ each sample names the physical store file it read (52.067187ms)
✔ phase3 evidence check passes and writes artifact (196.935156ms)
✔ w10 evidence stays NOT_READY without a real install, window and signed reports (17.842813ms)
✔ long run only credits observed wall clock inside the gap tolerance (20.845ms)
✔ signed release evidence must declare ok:true (19.151562ms)
✔ retention needs a recorded observation start before it can be partial (9.919063ms)
✔ install lifecycle evidence must be present, elevated and complete (2.109219ms)
✔ install lifecycle evidence accepts only fully verified elevated steps (34.31875ms)
✔ install lifecycle evidence rejects fabricated, partial and tampered records (61.906407ms)
✔ the evidence record names the physical store file it read (53.599843ms)
✔ derives one coherent desktop, workspace, and runtime root (4.103125ms)
✔ honors an explicit desktop root before the caller directory (2.04ms)
✔ a real profile file lists the package copy as a different physical file (19.991562ms)
✔ the same inode identifies a store read through the package local cache (9.947656ms)
✔ the unredacted profile alias is reported only when it is another file (8.544844ms)
✔ paths outside the profile root have no package twins (2.48875ms)
ℹ tests 44
ℹ suites 0
ℹ pass 44
ℹ fail 0
ℹ cancelled 0
ℹ skipped 0
ℹ todo 0
ℹ duration_ms 4240.393906
