✔ Phase 1.5 build fixes the controlled channel without mutating caller environment (3.161094ms)
✔ controlled build invokes the local Windows CLI and supports fast mode (0.90375ms)
✔ full local build fixes the release channel without mutating caller environment (0.420469ms)
✔ Phase 1 build fixes the compiled channel without mutating caller environment (5.992187ms)
✔ build invokes the local Windows CLI with the fixed channel and propagates failure (2.487343ms)
✔ model-visible tool content must match a successful durable native result (4.88125ms)
✔ canonical hashing accepts field ordering but excludes snapshot and assistant text (0.386875ms)
✔ a completed invocation returning exit failure does not count as a successful process (0.450312ms)
✔ successful test evidence requires a matching native invocation of the actual test suite (1.011406ms)
✔ a successful agent status and correct sentence without real tool execution cannot pass (1.998281ms)
✔ recovery requires a real failure followed by a successful tool result (0.311719ms)
✔ incorrect answers, changed read-only workspaces and timeouts fail external acceptance (0.309843ms)
✔ an exited client with inherited pipes cannot hold a case beyond its deadline (1549.248907ms)
✔ a timed out live client is terminated and cannot pass acceptance (706.515157ms)
✔ Responses tool calls and results preserve their identities in the shared live adapter (3.797656ms)
✔ both clients use the same text and developer instruction conversion (0.369531ms)
✔ live decision recording forwards real answers and never records credentials (70.732187ms)
✔ cost uses separate cached and uncached rates and keeps unknown usage unknown (3.171562ms)
✔ human active time unions overlapping activities, deduplicates events and excludes automation (0.698438ms)
✔ incomplete activities remain unknown; headless zeros cannot hide human events (0.390781ms)
✔ billing imports require full coverage and never turn missing charges into zero (0.577187ms)
✔ later billing derives a report without changing raw measurements or claiming missing charges (3.713437ms)
✔ observed activity stays unknown with a missing endpoint; headless runs cannot gain human time (0.730781ms)
✔ code-normalize-001 starts with a real failure and validates the fixed code independently (1035.215468ms)
✔ code-syntax-001 starts with a real failure and validates the fixed code independently (836.499219ms)
✔ code-feature-001 starts with a real failure and validates the fixed code independently (814.028125ms)
✔ syntax-valid code that passes the visible example can still fail independent acceptance (587.689375ms)
✔ the sampler credits only the wall clock between real samples (20.852187ms)
✔ the sampler records a real store count and fails closed without a state path (55.640938ms)
✔ each sample names the physical store file it read (47.051875ms)
✔ phase3 evidence check passes and writes artifact (200.769688ms)
✔ w10 evidence stays NOT_READY without a real install, window and signed reports (17.850625ms)
✔ long run only credits observed wall clock inside the gap tolerance (23.1675ms)
✔ signed release evidence must declare ok:true (36.582656ms)
✔ retention needs a recorded observation start before it can be partial (123.641407ms)
✔ install lifecycle evidence must be present, elevated and complete (2.276094ms)
✔ install lifecycle evidence accepts only fully verified elevated steps (153.025625ms)
✔ install lifecycle evidence rejects fabricated, partial and tampered records (68.135312ms)
✔ the evidence record names the physical store file it read (71.285156ms)
✔ derives one coherent desktop, workspace, and runtime root (19.421563ms)
✔ honors an explicit desktop root before the caller directory (1.903437ms)
✔ a real profile file lists the package copy as a different physical file (19.314688ms)
✔ the same inode identifies a store read through the package local cache (13.158438ms)
✔ the unredacted profile alias is reported only when it is another file (18.934375ms)
✔ paths outside the profile root have no package twins (2.649844ms)
ℹ tests 45
ℹ suites 0
ℹ pass 45
ℹ fail 0
ℹ cancelled 0
ℹ skipped 0
ℹ todo 0
ℹ duration_ms 4166.673594
