✔ Phase 1.5 build fixes the controlled channel without mutating caller environment (7.229531ms)
✔ controlled build invokes the local Windows CLI and supports fast mode (1.78125ms)
✔ full local build fixes the release channel without mutating caller environment (0.919844ms)
✔ Phase 1 build fixes the compiled channel without mutating caller environment (9.072344ms)
✔ build invokes the local Windows CLI with the fixed channel and propagates failure (5.75125ms)
✔ model-visible tool content must match a successful durable native result (10.416094ms)
✔ canonical hashing accepts field ordering but excludes snapshot and assistant text (0.960313ms)
✔ a completed invocation returning exit failure does not count as a successful process (2.503906ms)
✔ successful test evidence requires a matching native invocation of the actual test suite (4.024375ms)
✔ a successful agent status and correct sentence without real tool execution cannot pass (6.135469ms)
✔ recovery requires a real failure followed by a successful tool result (0.905469ms)
✔ incorrect answers, changed read-only workspaces and timeouts fail external acceptance (0.836875ms)
✔ Responses tool calls and results preserve their identities in the shared live adapter (6.777344ms)
✔ both clients use the same text and developer instruction conversion (0.511094ms)
✔ cost uses separate cached and uncached rates and keeps unknown usage unknown (5.476562ms)
✔ human active time unions overlapping activities, deduplicates events and excludes automation (1.694063ms)
✔ incomplete activities remain unknown; headless zeros cannot hide human events (1.037344ms)
✔ billing imports require full coverage and never turn missing charges into zero (1.513125ms)
✔ later billing derives a report without changing raw measurements or claiming missing charges (10.259688ms)
✔ observed activity stays unknown with a missing endpoint; headless runs cannot gain human time (1.86ms)
✔ code-normalize-001 starts with a real failure and validates the fixed code independently (2015.146563ms)
✔ code-syntax-001 starts with a real failure and validates the fixed code independently (1719.243906ms)
✔ code-feature-001 starts with a real failure and validates the fixed code independently (1637.415625ms)
✔ syntax-valid code that passes the visible example can still fail independent acceptance (1274.1125ms)
✔ the sampler credits only the wall clock between real samples (57.970156ms)
✔ the sampler records a real store count and fails closed without a state path (123.366719ms)
✔ each sample names the physical store file it read (90.589687ms)
✔ phase3 evidence check passes and writes artifact (413.786875ms)
✔ w10 evidence stays NOT_READY without a real install, window and signed reports (40.507187ms)
✔ long run only credits observed wall clock inside the gap tolerance (42.708906ms)
✔ signed release evidence must declare ok:true (38.490937ms)
✔ retention needs a recorded observation start before it can be partial (19.834063ms)
✔ install lifecycle evidence must be present, elevated and complete (5.0525ms)
✔ install lifecycle evidence accepts only fully verified elevated steps (62.949531ms)
✔ install lifecycle evidence rejects fabricated, partial and tampered records (216.898281ms)
✔ the evidence record names the physical store file it read (122.737969ms)
✔ derives one coherent desktop, workspace, and runtime root (10.429531ms)
✔ honors an explicit desktop root before the caller directory (3.714219ms)
✔ a real profile file lists the package copy as a different physical file (34.81375ms)
✔ the same inode identifies a store read through the package local cache (21.375469ms)
✔ the unredacted profile alias is reported only when it is another file (18.775469ms)
✔ paths outside the profile root have no package twins (16.935938ms)
ℹ tests 42
ℹ suites 0
ℹ pass 42
ℹ fail 0
ℹ cancelled 0
ℹ skipped 0
ℹ todo 0
ℹ duration_ms 8425.236875
