✔ Phase 1.5 build fixes the controlled channel without mutating caller environment (3.434844ms)
✔ controlled build invokes the local Windows CLI and supports fast mode (1.15875ms)
✔ full local build fixes the release channel without mutating caller environment (0.809844ms)
✔ Phase 1 build fixes the compiled channel without mutating caller environment (4.629063ms)
✔ build invokes the local Windows CLI with the fixed channel and propagates failure (2.254688ms)
✔ model-visible tool content must match a successful durable native result (5.392188ms)
✔ canonical hashing accepts field ordering but excludes snapshot and assistant text (0.439063ms)
✔ a completed invocation returning exit failure does not count as a successful process (0.502031ms)
✔ successful test evidence requires a matching native invocation of the actual test suite (1.061406ms)
✔ Jev variant labels still require successful native hmCodex evidence (39.902968ms)
✔ a successful agent status and correct sentence without real tool execution cannot pass (2.219375ms)
✔ recovery requires a real failure followed by a successful tool result (0.29375ms)
✔ incorrect answers, changed read-only workspaces and timeouts fail external acceptance (0.330156ms)
✔ an exited client with inherited pipes cannot hold a case beyond its deadline (1561.718906ms)
✔ a timed out live client is terminated and cannot pass acceptance (744.936562ms)
✔ a failed treatment is retained, with missing latency and cost unknown (2.209688ms)
✔ independent batches, changed input or source, and incomplete pairs cannot become paired evidence (0.866093ms)
✔ declared off/on conditions must match observed decision-provider usage (0.616406ms)
✔ Responses tool calls and results preserve their identities in the shared live adapter (4.260937ms)
✔ both clients use the same text and developer instruction conversion (0.316563ms)
✔ live model records returned inference IDs for success and HTTP failure without inventing charges (72.671875ms)
✔ live decision recording forwards real answers and never records credentials (84.363594ms)
✔ cost uses separate cached and uncached rates and keeps unknown usage unknown (2.319218ms)
✔ human active time unions overlapping activities, deduplicates events and excludes automation (0.522031ms)
✔ incomplete activities remain unknown; headless zeros cannot hide human events (0.355469ms)
✔ billing imports require full coverage and never turn missing charges into zero (0.665781ms)
✔ later billing derives a report without changing raw measurements or claiming missing charges (3.486407ms)
✔ observed activity stays unknown with a missing endpoint; headless runs cannot gain human time (0.68875ms)
✔ real decision-provider bills are required before language-only charges become total cash cost (0.682656ms)
✔ upstream inference identifiers remain distinct from charge amounts and private response headers (87.077188ms)
✔ missing, oversized and free-text identifiers do not become fabricated correlation keys (0.45875ms)
✔ code-normalize-001 starts with a real failure and validates the fixed code independently (1045.677031ms)
✔ code-syntax-001 starts with a real failure and validates the fixed code independently (855.720469ms)
✔ code-feature-001 starts with a real failure and validates the fixed code independently (819.748437ms)
✔ syntax-valid code that passes the visible example can still fail independent acceptance (553.113282ms)
✔ the sampler credits only the wall clock between real samples (18.564218ms)
✔ the sampler records a real store count and fails closed without a state path (62.286875ms)
✔ each sample names the physical store file it read (50.002813ms)
✔ phase3 evidence check passes and writes artifact (194.005781ms)
✔ w10 evidence stays NOT_READY without a real install, window and signed reports (24.111718ms)
✔ long run only credits observed wall clock inside the gap tolerance (19.499531ms)
✔ signed release evidence must declare ok:true (19.943282ms)
✔ retention needs a recorded observation start before it can be partial (8.989219ms)
✔ install lifecycle evidence must be present, elevated and complete (2.445312ms)
✔ install lifecycle evidence accepts only fully verified elevated steps (65.191562ms)
✔ install lifecycle evidence rejects fabricated, partial and tampered records (100.788281ms)
✔ the evidence record names the physical store file it read (52.219375ms)
✔ derives one coherent desktop, workspace, and runtime root (3.782656ms)
✔ honors an explicit desktop root before the caller directory (1.744687ms)
✔ a real profile file lists the package copy as a different physical file (16.423125ms)
✔ the same inode identifies a store read through the package local cache (12.09375ms)
✔ the unredacted profile alias is reported only when it is another file (9.742812ms)
✔ paths outside the profile root have no package twins (2.661094ms)
ℹ tests 53
ℹ suites 0
ℹ pass 53
ℹ fail 0
ℹ cancelled 0
ℹ skipped 0
ℹ todo 0
ℹ duration_ms 4591.535
