✔ model-visible tool content must match a successful durable native result (10.802968ms)
✔ canonical hashing accepts field ordering but excludes snapshot and assistant text (0.954531ms)
✔ a completed invocation returning exit failure does not count as a successful process (1.211875ms)
✔ successful test evidence requires a matching native invocation of the actual test suite (5.206406ms)
✔ Jev variant labels still require successful native hmCodex evidence (349.39625ms)
✔ a successful agent status and correct sentence without real tool execution cannot pass (6.194532ms)
✔ recovery requires a real failure followed by a successful tool result (1.740313ms)
✔ incorrect answers, changed read-only workspaces and timeouts fail external acceptance (1.07375ms)
✔ an exited client with inherited pipes cannot hold a case beyond its deadline (3301.542969ms)
✔ a timed out live client is terminated and cannot pass acceptance (1895.179844ms)
✔ a failed treatment is retained, with missing latency and cost unknown (29.296875ms)
✔ independent batches, changed input or source, and incomplete pairs cannot become paired evidence (2.673281ms)
✔ declared off/on conditions must match observed decision-provider usage (1.108593ms)
✔ Responses tool calls and results preserve their identities in the shared live adapter (13.320312ms)
✔ both clients use the same text and developer instruction conversion (0.750625ms)
✔ live model records returned inference IDs for success and HTTP failure without inventing charges (263.851094ms)
✔ live decision recording forwards real answers and never records credentials (252.16125ms)
✔ cost uses separate cached and uncached rates and keeps unknown usage unknown (7.663437ms)
✔ human active time unions overlapping activities, deduplicates events and excludes automation (2.046406ms)
✔ incomplete activities remain unknown; headless zeros cannot hide human events (1.513906ms)
✔ billing imports require full coverage and never turn missing charges into zero (1.702656ms)
✔ later billing derives a report without changing raw measurements or claiming missing charges (10.488594ms)
✔ observed activity stays unknown with a missing endpoint; headless runs cannot gain human time (2.255938ms)
✔ real decision-provider bills are required before language-only charges become total cash cost (1.776719ms)
✔ upstream inference identifiers remain distinct from charge amounts and private response headers (361.736719ms)
✔ missing, oversized and free-text identifiers do not become fabricated correlation keys (0.730312ms)
✔ code-normalize-001 starts with a real failure and validates the fixed code independently (6076.336562ms)
✔ code-syntax-001 starts with a real failure and validates the fixed code independently (3939.477657ms)
✔ code-feature-001 starts with a real failure and validates the fixed code independently (4691.902188ms)
✔ syntax-valid code that passes the visible example can still fail independent acceptance (3518.127969ms)
✔ actual simple Node commands are parsed without accepting quoted examples or compound shell scripts (20.445ms)
✔ source repair needs an actual seeded failure and the immutable fixture test to pass (4930.752344ms)
✔ upgrade preflight rejects missing config, duplicate model and missing credential before inference (77.156875ms)
✖ a setup failure after opening the first gateway closes it and exits without hanging (6087.356718ms)
✔ explicit model IDs reuse the configured provider route and distinct identities (5.530781ms)
✔ automatic upgrade requires real strong execution and Jev model selection, not only escalation or a rule fallback (2.460625ms)
✔ configured role aliases resolve their real registered model and provider (0.548594ms)
✔ missing upgrade target, aliasing the same model and unsupported protocol cannot pass an upgrade test (3.109062ms)
ℹ tests 38
ℹ suites 0
ℹ pass 37
ℹ fail 1
ℹ cancelled 0
ℹ skipped 0
ℹ todo 0
ℹ duration_ms 21410.175625

✖ failing tests:

test at desktop\scripts\goal-upgrade-harness.test.mjs:26:1
✖ a setup failure after opening the first gateway closes it and exits without hanging (6087.356718ms)
  AssertionError [ERR_ASSERTION]: Expected values to be strictly equal:
  
  true !== false
  
      at TestContext.<anonymous> (file:///C:/Users/User/hmCodex-local/desktop/scripts/goal-upgrade-harness.test.mjs:33:10)
      at async Test.run (node:internal/test_runner/test:1389:7)
      at async Test.processPendingSubtests (node:internal/test_runner/test:960:7) {
    generatedMessage: true,
    code: 'ERR_ASSERTION',
    actual: true,
    expected: false,
    operator: 'strictEqual',
    diff: 'simple'
  }
