{"event":"CASE_START","runKey":"20261007T084339400Z-268b4ae0/1-recoverable-read-001-hmcodex-runtime","mode":"READ_ONLY","atMs":1791362620023}
hmcodex-runtime recoverable-read-001 FAILED tools=1 errors=1
{"event":"CASE_START","runKey":"20261007T084339400Z-268b4ae0/2-recoverable-read-001-hmcodex-runtime","mode":"READ_ONLY","atMs":1791362672004}
hmcodex-runtime recoverable-read-001 FAILED tools=1 errors=1
{
  "batchId": "20261007T084339400Z-268b4ae0",
  "output": "C:\\Users\\User\\hmCodex-local\\docs\\artifacts\\AGENT_GOAL_STAGED_LIVE_JEV_RECOVERY_2026-10-07.json",
  "history": "C:\\Users\\User\\hmCodex-local\\docs\\artifacts\\agent-goal-runs\\history.jsonl",
  "conditions": {
    "hmcodex-runtime": {
      "runs": 2,
      "successes": 0,
      "successRate": 0,
      "recoveryOpportunities": 2,
      "recoverySuccesses": 0,
      "recoverySuccessRate": 0,
      "manualInterventionMinutes": 0,
      "totalTokens": 9570,
      "actualCost": null,
      "estimatedCost": 0.002777707,
      "pricingBasis": "SUBSCRIPTION_QUOTA",
      "toolRounds": 4,
      "modelCalls": 6,
      "usageCoverage": {
        "reportedRequests": 6,
        "totalRequests": 6,
        "knownTokenSubtotal": 9570,
        "pricedRequests": 6,
        "knownPricedSubtotal": 0.002777707
      },
      "toolCallCount": 2,
      "wallMs": 79159
    }
  }
}
