✔ Phase 1.5 build fixes the controlled channel without mutating caller environment (8.505156ms)
✔ controlled build invokes the local Windows CLI and supports fast mode (2.186719ms)
✔ full local build fixes the release channel without mutating caller environment (0.931406ms)
✔ Phase 1 build fixes the compiled channel without mutating caller environment (16.819219ms)
✔ build invokes the local Windows CLI with the fixed channel and propagates failure (5.591875ms)
✔ model-visible tool content must match a successful durable native result (9.263593ms)
✔ canonical hashing accepts field ordering but excludes snapshot and assistant text (1.080469ms)
✔ a completed invocation returning exit failure does not count as a successful process (1.116719ms)
✔ successful test evidence requires a matching native invocation of the actual test suite (1.751094ms)
✔ a successful agent status and correct sentence without real tool execution cannot pass (4.19125ms)
✔ recovery requires a real failure followed by a successful tool result (0.669218ms)
✔ incorrect answers, changed read-only workspaces and timeouts fail external acceptance (0.62625ms)
✔ Responses tool calls and results preserve their identities in the shared live adapter (5.550781ms)
✔ both clients use the same text and developer instruction conversion (0.468281ms)
✔ cost uses separate cached and uncached rates and keeps unknown usage unknown (7.178906ms)
✔ human active time unions overlapping activities, deduplicates events and excludes automation (1.727968ms)
✔ incomplete activities remain unknown; headless zeros cannot hide human events (2.073282ms)
✔ billing imports require full coverage and never turn missing charges into zero (1.784219ms)
✔ later billing derives a report without changing raw measurements or claiming missing charges (20.177656ms)
✔ observed activity stays unknown with a missing endpoint; headless runs cannot gain human time (2.091875ms)
✔ code-normalize-001 starts with a real failure and validates the fixed code independently (2794.701406ms)
✔ code-syntax-001 starts with a real failure and validates the fixed code independently (2244.517188ms)
✔ code-feature-001 starts with a real failure and validates the fixed code independently (2076.250938ms)
✔ syntax-valid code that passes the visible example can still fail independent acceptance (1198.93ms)
✔ the sampler credits only the wall clock between real samples (286.691406ms)
✔ the sampler records a real store count and fails closed without a state path (240.856407ms)
✔ each sample names the physical store file it read (122.922813ms)
✔ phase3 evidence check passes and writes artifact (513.449531ms)
✔ w10 evidence stays NOT_READY without a real install, window and signed reports (68.490468ms)
✔ long run only credits observed wall clock inside the gap tolerance (99.550625ms)
✔ signed release evidence must declare ok:true (80.322969ms)
✔ retention needs a recorded observation start before it can be partial (99.104688ms)
✔ install lifecycle evidence must be present, elevated and complete (9.254219ms)
✔ install lifecycle evidence accepts only fully verified elevated steps (272.713593ms)
✔ install lifecycle evidence rejects fabricated, partial and tampered records (116.067031ms)
✔ the evidence record names the physical store file it read (128.246094ms)
✔ derives one coherent desktop, workspace, and runtime root (10.880156ms)
✔ honors an explicit desktop root before the caller directory (4.82875ms)
✔ a real profile file lists the package copy as a different physical file (40.296094ms)
✔ the same inode identifies a store read through the package local cache (26.17375ms)
✔ the unredacted profile alias is reported only when it is another file (20.486875ms)
✔ paths outside the profile root have no package twins (8.393125ms)
ℹ tests 42
ℹ suites 0
ℹ pass 42
ℹ fail 0
ℹ cancelled 0
ℹ skipped 0
ℹ todo 0
ℹ duration_ms 10282.31
