{"event":"CASE_START","runKey":"20261007T084556239Z-be027c27/1-recoverable-read-001-hmcodex-runtime","mode":"READ_ONLY","atMs":1791362757273}
hmcodex-runtime recoverable-read-001 FAILED tools=1 errors=1
{"event":"CASE_START","runKey":"20261007T084556239Z-be027c27/2-recoverable-read-001-hmcodex-runtime","mode":"READ_ONLY","atMs":1791362836784}
hmcodex-runtime recoverable-read-001 FAILED tools=3 errors=1
{
  "batchId": "20261007T084556239Z-be027c27",
  "output": "C:\\Users\\User\\hmCodex-local\\docs\\artifacts\\AGENT_GOAL_STAGED_LIVE_JEV_ORDERING_2026-10-07.json",
  "history": "C:\\Users\\User\\hmCodex-local\\docs\\artifacts\\agent-goal-runs\\history.jsonl",
  "conditions": {
    "hmcodex-runtime": {
      "runs": 2,
      "successes": 0,
      "successRate": 0,
      "recoveryOpportunities": 2,
      "recoverySuccesses": 0,
      "recoverySuccessRate": 0,
      "manualInterventionMinutes": 0,
      "totalTokens": 18053,
      "actualCost": null,
      "estimatedCost": 0.005161594,
      "pricingBasis": "SUBSCRIPTION_QUOTA",
      "toolRounds": 6,
      "modelCalls": 9,
      "usageCoverage": {
        "reportedRequests": 9,
        "totalRequests": 9,
        "knownTokenSubtotal": 18053,
        "pricedRequests": 9,
        "knownPricedSubtotal": 0.005161594
      },
      "toolCallCount": 4,
      "wallMs": 245583
    }
  }
}
