{"event":"START","id":"paired","status":"RUNNING","startedAt":"2026-10-07T19:38:06.113Z","comparison":"C:\\Users\\User\\hmCodex-local\\docs\\artifacts\\AGENT_GOAL_MERGED_PAIRED_2026-10-08.json","log":"C:\\Users\\User\\hmCodex-local\\docs\\artifacts\\GOAL_MERGED_PAIRED_2026-10-08.log"}
{"event":"RUNNING","id":"paired","at":"2026-10-07T19:38:36.131Z"}
{"event":"RUNNING","id":"paired","at":"2026-10-07T19:39:06.140Z"}
{"event":"RUNNING","id":"paired","at":"2026-10-07T19:39:36.147Z"}
{"event":"RUNNING","id":"paired","at":"2026-10-07T19:40:06.154Z"}
{"event":"RUNNING","id":"paired","at":"2026-10-07T19:40:36.158Z"}
{"event":"RUNNING","id":"paired","at":"2026-10-07T19:41:06.159Z"}
{"event":"RUNNING","id":"paired","at":"2026-10-07T19:41:36.162Z"}
{"event":"RUNNING","id":"paired","at":"2026-10-07T19:42:06.168Z"}
{"event":"RUNNING","id":"paired","at":"2026-10-07T19:42:36.176Z"}
{"event":"RUNNING","id":"paired","at":"2026-10-07T19:43:06.191Z"}
{"event":"RUNNING","id":"paired","at":"2026-10-07T19:43:36.195Z"}
{"event":"RUNNING","id":"paired","at":"2026-10-07T19:44:06.196Z"}
{"event":"RUNNING","id":"paired","at":"2026-10-07T19:44:36.208Z"}
{"event":"RUNNING","id":"paired","at":"2026-10-07T19:45:06.223Z"}
{"event":"RUNNING","id":"paired","at":"2026-10-07T19:45:36.228Z"}
{"event":"RUNNING","id":"paired","at":"2026-10-07T19:46:06.234Z"}
{"event":"RUNNING","id":"paired","at":"2026-10-07T19:46:36.237Z"}
{"event":"RUNNING","id":"paired","at":"2026-10-07T19:47:06.242Z"}
{"event":"RUNNING","id":"paired","at":"2026-10-07T19:47:36.251Z"}
{"event":"RUNNING","id":"paired","at":"2026-10-07T19:48:06.266Z"}
{"event":"RUNNING","id":"paired","at":"2026-10-07T19:48:36.272Z"}
{"event":"RUNNING","id":"paired","at":"2026-10-07T19:49:06.280Z"}
{"event":"RUNNING","id":"paired","at":"2026-10-07T19:49:36.292Z"}
{"event":"RUNNING","id":"paired","at":"2026-10-07T19:50:06.292Z"}
{"event":"RUNNING","id":"paired","at":"2026-10-07T19:50:36.307Z"}
{"event":"RUNNING","id":"paired","at":"2026-10-07T19:51:06.312Z"}
{"event":"RUNNING","id":"paired","at":"2026-10-07T19:51:36.326Z"}
{"event":"RUNNING","id":"paired","at":"2026-10-07T19:52:06.338Z"}
{"event":"RUNNING","id":"paired","at":"2026-10-07T19:52:36.343Z"}
{"event":"RUNNING","id":"paired","at":"2026-10-07T19:53:06.345Z"}
{"event":"RUNNING","id":"paired","at":"2026-10-07T19:53:36.351Z"}
{"event":"RUNNING","id":"paired","at":"2026-10-07T19:54:06.354Z"}
{"event":"RUNNING","id":"paired","at":"2026-10-07T19:54:36.356Z"}
{"event":"RUNNING","id":"paired","at":"2026-10-07T19:55:06.373Z"}
{"event":"RUNNING","id":"paired","at":"2026-10-07T19:55:36.379Z"}
{"event":"RUNNING","id":"paired","at":"2026-10-07T19:56:06.392Z"}
{"event":"RUNNING","id":"paired","at":"2026-10-07T19:56:36.395Z"}
{"event":"RUNNING","id":"paired","at":"2026-10-07T19:57:06.403Z"}
{"event":"RUNNING","id":"paired","at":"2026-10-07T19:57:36.403Z"}
{"event":"RUNNING","id":"paired","at":"2026-10-07T19:58:06.411Z"}
{"event":"RUNNING","id":"paired","at":"2026-10-07T19:58:36.415Z"}
{"event":"RUNNING","id":"paired","at":"2026-10-07T19:59:06.429Z"}
{"event":"RUNNING","id":"paired","at":"2026-10-07T19:59:36.433Z"}
{"event":"RUNNING","id":"paired","at":"2026-10-07T20:00:06.447Z"}
{"event":"RUNNING","id":"paired","at":"2026-10-07T20:00:36.453Z"}
{"event":"RUNNING","id":"paired","at":"2026-10-07T20:01:06.469Z"}
{"event":"RUNNING","id":"paired","at":"2026-10-07T20:01:36.473Z"}
{"event":"RUNNING","id":"paired","at":"2026-10-07T20:02:06.486Z"}
{"event":"RUNNING","id":"paired","at":"2026-10-07T20:02:36.489Z"}
{"event":"RUNNING","id":"paired","at":"2026-10-07T20:03:06.491Z"}
{"event":"RUNNING","id":"paired","at":"2026-10-07T20:03:36.494Z"}
{"event":"RUNNING","id":"paired","at":"2026-10-07T20:04:06.501Z"}
{"event":"RUNNING","id":"paired","at":"2026-10-07T20:04:36.502Z"}
{"event":"RUNNING","id":"paired","at":"2026-10-07T20:05:06.502Z"}
{"event":"RUNNING","id":"paired","at":"2026-10-07T20:05:36.505Z"}
{"event":"RUNNING","id":"paired","at":"2026-10-07T20:06:06.512Z"}
{"event":"RUNNING","id":"paired","at":"2026-10-07T20:06:36.514Z"}
{"event":"RUNNING","id":"paired","at":"2026-10-07T20:07:06.524Z"}
{"event":"RUNNING","id":"paired","at":"2026-10-07T20:07:36.529Z"}
{"event":"RUNNING","id":"paired","at":"2026-10-07T20:08:06.537Z"}
{"event":"RUNNING","id":"paired","at":"2026-10-07T20:08:36.553Z"}
{"event":"RUNNING","id":"paired","at":"2026-10-07T20:09:06.556Z"}
{"event":"RUNNING","id":"paired","at":"2026-10-07T20:09:36.559Z"}
{"event":"RUNNING","id":"paired","at":"2026-10-07T20:10:06.571Z"}
{"event":"RUNNING","id":"paired","at":"2026-10-07T20:10:36.574Z"}
{"event":"RUNNING","id":"paired","at":"2026-10-07T20:11:06.581Z"}
{"event":"RUNNING","id":"paired","at":"2026-10-07T20:11:36.589Z"}
{"event":"RUNNING","id":"paired","at":"2026-10-07T20:12:06.604Z"}
{"event":"RUNNING","id":"paired","at":"2026-10-07T20:12:36.613Z"}
{"event":"RUNNING","id":"paired","at":"2026-10-07T20:13:06.618Z"}
{"event":"RUNNING","id":"paired","at":"2026-10-07T20:13:36.626Z"}
{"event":"RUNNING","id":"paired","at":"2026-10-07T20:14:06.636Z"}
{"event":"RUNNING","id":"paired","at":"2026-10-07T20:14:36.642Z"}
{"event":"RUNNING","id":"paired","at":"2026-10-07T20:15:06.642Z"}
{"event":"RUNNING","id":"paired","at":"2026-10-07T20:15:36.644Z"}
{"event":"RUNNING","id":"paired","at":"2026-10-07T20:16:06.646Z"}
{"event":"RUNNING","id":"paired","at":"2026-10-07T20:16:36.657Z"}
{"event":"RUNNING","id":"paired","at":"2026-10-07T20:17:06.669Z"}
{"event":"RUNNING","id":"paired","at":"2026-10-07T20:17:36.676Z"}
{"event":"RUNNING","id":"paired","at":"2026-10-07T20:18:06.682Z"}
{"event":"RUNNING","id":"paired","at":"2026-10-07T20:18:36.695Z"}
{"event":"RUNNING","id":"paired","at":"2026-10-07T20:19:06.706Z"}
{"event":"RUNNING","id":"paired","at":"2026-10-07T20:19:36.714Z"}
{"event":"RUNNING","id":"paired","at":"2026-10-07T20:20:06.718Z"}
{"event":"END","id":"paired","status":"COMPLETE","startedAt":"2026-10-07T19:38:06.113Z","comparison":"C:\\Users\\User\\hmCodex-local\\docs\\artifacts\\AGENT_GOAL_MERGED_PAIRED_2026-10-08.json","log":"C:\\Users\\User\\hmCodex-local\\docs\\artifacts\\GOAL_MERGED_PAIRED_2026-10-08.log","completedAt":"2026-10-07T20:20:32.248Z","exitCode":1,"timedOut":false,"wallMs":2546117,"runtimeSourceSha256":"df857d5a78c31ffc4a78a94d01821347fca5657ae72473d63698b6ed2cc3febc","matchesVerifiedRuntime":true,"completedRuns":24}
{"event":"START","id":"jev-ablation","status":"RUNNING","startedAt":"2026-10-07T20:20:32.252Z","comparison":"C:\\Users\\User\\hmCodex-local\\docs\\artifacts\\AGENT_GOAL_MERGED_JEV_ABLATION_2026-10-08.json","log":"C:\\Users\\User\\hmCodex-local\\docs\\artifacts\\GOAL_MERGED_JEV_ABLATION_2026-10-08.log"}
{"event":"RUNNING","id":"jev-ablation","at":"2026-10-07T20:21:02.259Z"}
{"event":"RUNNING","id":"jev-ablation","at":"2026-10-07T20:21:32.269Z"}
{"event":"RUNNING","id":"jev-ablation","at":"2026-10-07T20:22:02.281Z"}
{"event":"RUNNING","id":"jev-ablation","at":"2026-10-07T20:22:32.291Z"}
{"event":"RUNNING","id":"jev-ablation","at":"2026-10-07T20:23:02.301Z"}
{"event":"RUNNING","id":"jev-ablation","at":"2026-10-07T20:23:32.306Z"}
{"event":"RUNNING","id":"jev-ablation","at":"2026-10-07T20:24:02.314Z"}
{"event":"RUNNING","id":"jev-ablation","at":"2026-10-07T20:24:32.319Z"}
{"event":"RUNNING","id":"jev-ablation","at":"2026-10-07T20:25:02.322Z"}
{"event":"RUNNING","id":"jev-ablation","at":"2026-10-07T20:25:32.334Z"}
{"event":"RUNNING","id":"jev-ablation","at":"2026-10-07T20:26:02.340Z"}
{"event":"RUNNING","id":"jev-ablation","at":"2026-10-07T20:26:32.342Z"}
{"event":"RUNNING","id":"jev-ablation","at":"2026-10-07T20:27:02.343Z"}
{"event":"RUNNING","id":"jev-ablation","at":"2026-10-07T20:27:32.353Z"}
{"event":"RUNNING","id":"jev-ablation","at":"2026-10-07T20:28:02.353Z"}
{"event":"RUNNING","id":"jev-ablation","at":"2026-10-07T20:28:32.353Z"}
{"event":"RUNNING","id":"jev-ablation","at":"2026-10-07T20:29:02.364Z"}
{"event":"RUNNING","id":"jev-ablation","at":"2026-10-07T20:29:32.372Z"}
{"event":"RUNNING","id":"jev-ablation","at":"2026-10-07T20:30:02.387Z"}
{"event":"RUNNING","id":"jev-ablation","at":"2026-10-07T20:30:32.397Z"}
{"event":"RUNNING","id":"jev-ablation","at":"2026-10-07T20:31:02.398Z"}
{"event":"RUNNING","id":"jev-ablation","at":"2026-10-07T20:31:32.401Z"}
{"event":"RUNNING","id":"jev-ablation","at":"2026-10-07T20:32:02.412Z"}
{"event":"RUNNING","id":"jev-ablation","at":"2026-10-07T20:32:32.414Z"}
{"event":"RUNNING","id":"jev-ablation","at":"2026-10-07T20:33:02.429Z"}
{"event":"RUNNING","id":"jev-ablation","at":"2026-10-07T20:33:32.430Z"}
{"event":"RUNNING","id":"jev-ablation","at":"2026-10-07T20:34:02.434Z"}
{"event":"RUNNING","id":"jev-ablation","at":"2026-10-07T20:34:32.443Z"}
{"event":"RUNNING","id":"jev-ablation","at":"2026-10-07T20:35:02.447Z"}
{"event":"RUNNING","id":"jev-ablation","at":"2026-10-07T20:35:32.454Z"}
{"event":"RUNNING","id":"jev-ablation","at":"2026-10-07T20:36:02.457Z"}
{"event":"RUNNING","id":"jev-ablation","at":"2026-10-07T20:36:32.462Z"}
{"event":"RUNNING","id":"jev-ablation","at":"2026-10-07T20:37:02.463Z"}
{"event":"RUNNING","id":"jev-ablation","at":"2026-10-07T20:37:32.471Z"}
{"event":"END","id":"jev-ablation","status":"COMPLETE","startedAt":"2026-10-07T20:20:32.252Z","comparison":"C:\\Users\\User\\hmCodex-local\\docs\\artifacts\\AGENT_GOAL_MERGED_JEV_ABLATION_2026-10-08.json","log":"C:\\Users\\User\\hmCodex-local\\docs\\artifacts\\GOAL_MERGED_JEV_ABLATION_2026-10-08.log","completedAt":"2026-10-07T20:37:56.675Z","exitCode":1,"timedOut":false,"wallMs":1044410,"runtimeSourceSha256":"df857d5a78c31ffc4a78a94d01821347fca5657ae72473d63698b6ed2cc3febc","matchesVerifiedRuntime":true,"completedRuns":24}
