✔ Phase 1.5 build fixes the controlled channel without mutating caller environment (13.884062ms)
✔ controlled build invokes the local Windows CLI and supports fast mode (1.397188ms)
✔ full local build fixes the release channel without mutating caller environment (0.649844ms)
✔ Phase 1 build fixes the compiled channel without mutating caller environment (5.175625ms)
✔ build invokes the local Windows CLI with the fixed channel and propagates failure (3.352187ms)
✔ model-visible tool content must match a successful durable native result (9.204219ms)
✔ canonical hashing accepts field ordering but excludes snapshot and assistant text (2.113438ms)
✔ a completed invocation returning exit failure does not count as a successful process (1.530313ms)
✔ successful test evidence requires a matching native invocation of the actual test suite (2.858437ms)
✔ a successful agent status and correct sentence without real tool execution cannot pass (4.139375ms)
✔ recovery requires a real failure followed by a successful tool result (0.668281ms)
✔ incorrect answers, changed read-only workspaces and timeouts fail external acceptance (0.659375ms)
✔ an exited client with inherited pipes cannot hold a case beyond its deadline (1588.547344ms)
✔ a timed out live client is terminated and cannot pass acceptance (905.207812ms)
✔ Responses tool calls and results preserve their identities in the shared live adapter (5.558594ms)
✔ both clients use the same text and developer instruction conversion (0.416719ms)
✔ live decision recording forwards real answers and never records credentials (147.305313ms)
✔ cost uses separate cached and uncached rates and keeps unknown usage unknown (3.911094ms)
✔ human active time unions overlapping activities, deduplicates events and excludes automation (1.064531ms)
✔ incomplete activities remain unknown; headless zeros cannot hide human events (0.605313ms)
✔ billing imports require full coverage and never turn missing charges into zero (0.884531ms)
✔ later billing derives a report without changing raw measurements or claiming missing charges (5.486875ms)
✔ observed activity stays unknown with a missing endpoint; headless runs cannot gain human time (1.100781ms)
✔ real decision-provider bills are required before language-only charges become total cash cost (1.065313ms)
✔ code-normalize-001 starts with a real failure and validates the fixed code independently (1715.737812ms)
✔ code-syntax-001 starts with a real failure and validates the fixed code independently (1432.12ms)
✔ code-feature-001 starts with a real failure and validates the fixed code independently (1665.034531ms)
✔ syntax-valid code that passes the visible example can still fail independent acceptance (1112.375312ms)
✔ the sampler credits only the wall clock between real samples (39.219844ms)
✔ the sampler records a real store count and fails closed without a state path (110.521875ms)
✔ each sample names the physical store file it read (97.570156ms)
✔ phase3 evidence check passes and writes artifact (357.364219ms)
✔ w10 evidence stays NOT_READY without a real install, window and signed reports (31.560156ms)
✔ long run only credits observed wall clock inside the gap tolerance (29.440625ms)
✔ signed release evidence must declare ok:true (31.934063ms)
✔ retention needs a recorded observation start before it can be partial (18.342656ms)
✔ install lifecycle evidence must be present, elevated and complete (3.31375ms)
✔ install lifecycle evidence accepts only fully verified elevated steps (67.762344ms)
✔ install lifecycle evidence rejects fabricated, partial and tampered records (104.479219ms)
✔ the evidence record names the physical store file it read (100.986719ms)
✔ derives one coherent desktop, workspace, and runtime root (9.821406ms)
✔ honors an explicit desktop root before the caller directory (5.165938ms)
✔ a real profile file lists the package copy as a different physical file (37.270937ms)
✔ the same inode identifies a store read through the package local cache (18.220781ms)
✔ the unredacted profile alias is reported only when it is another file (18.433281ms)
✔ paths outside the profile root have no package twins (7.387031ms)
ℹ tests 46
ℹ suites 0
ℹ pass 46
ℹ fail 0
ℹ cancelled 0
ℹ skipped 0
ℹ todo 0
ℹ duration_ms 7729.51125
